<?php return array (
  0 => 'Symfony\\Bundle\\FrameworkBundle\\Controller\\AbstractController',
  1 => 'App\\Controller\\CategorieoffreController',
  2 => 'App\\Controller\\ColisController',
  3 => 'App\\Controller\\DemandeController',
  4 => 'App\\Controller\\LivraisonController',
  5 => 'App\\Controller\\LivreurController',
  6 => 'App\\Controller\\OffreController',
  7 => 'App\\Controller\\TrajetoffreController',
  8 => 'App\\Entity\\Affectationopcolis',
  9 => 'App\\Entity\\Categorie',
  10 => 'App\\Entity\\Categorieoffre',
  11 => 'App\\Entity\\Colis',
  12 => 'App\\Entity\\Demande',
  13 => 'App\\Entity\\Evenement',
  14 => 'App\\Entity\\Livraison',
  15 => 'App\\Entity\\LivraisonRepository',
  16 => 'App\\Entity\\Livreur',
  17 => 'App\\Entity\\LivreurRepository',
  18 => 'App\\Entity\\Location',
  19 => 'App\\Entity\\Maintenance',
  20 => 'App\\Entity\\Offre',
  21 => 'App\\Entity\\Opportinute',
  22 => 'App\\Entity\\Participation',
  23 => 'App\\Entity\\Reclamation',
  24 => 'App\\Entity\\Relais',
  25 => 'App\\Entity\\Reponse',
  26 => 'App\\Entity\\Trajetoffre',
  27 => 'App\\Entity\\Utilisateur',
  28 => 'App\\Entity\\Vehicule',
  29 => 'Doctrine\\Bundle\\DoctrineBundle\\Controller\\ProfilerController',
  30 => 'Doctrine\\ORM\\Cache\\Persister\\Entity\\AbstractEntityPersister',
  31 => 'Doctrine\\ORM\\Cache\\Persister\\Entity\\CachedEntityPersister',
  32 => 'Doctrine\\ORM\\Cache\\Persister\\Entity\\NonStrictReadWriteCachedEntityPersister',
  33 => 'Doctrine\\ORM\\Cache\\Persister\\Entity\\ReadOnlyCachedEntityPersister',
  34 => 'Doctrine\\ORM\\Cache\\Persister\\Entity\\ReadWriteCachedEntityPersister',
  35 => 'Doctrine\\ORM\\Persisters\\Entity\\AbstractEntityInheritancePersister',
  36 => 'Doctrine\\ORM\\Persisters\\Entity\\BasicEntityPersister',
  37 => 'Doctrine\\ORM\\Persisters\\Entity\\CachedPersisterContext',
  38 => 'Doctrine\\ORM\\Persisters\\Entity\\EntityPersister',
  39 => 'Doctrine\\ORM\\Persisters\\Entity\\JoinedSubclassPersister',
  40 => 'Doctrine\\ORM\\Persisters\\Entity\\SingleTablePersister',
  42 => 'Symfony\\Bundle\\FrameworkBundle\\Controller\\ControllerResolver',
  43 => 'Symfony\\Bundle\\FrameworkBundle\\Controller\\RedirectController',
  44 => 'Symfony\\Bundle\\FrameworkBundle\\Controller\\TemplateController',
  45 => 'Symfony\\Bundle\\WebProfilerBundle\\Controller\\ExceptionPanelController',
  46 => 'Symfony\\Bundle\\WebProfilerBundle\\Controller\\ProfilerController',
  47 => 'Symfony\\Bundle\\WebProfilerBundle\\Controller\\RouterController',
  48 => 'Symfony\\Component\\HttpKernel\\Controller\\ArgumentResolver',
  49 => 'Symfony\\Component\\HttpKernel\\Controller\\ArgumentResolverInterface',
  50 => 'Symfony\\Component\\HttpKernel\\Controller\\ArgumentResolver\\DefaultValueResolver',
  51 => 'Symfony\\Component\\HttpKernel\\Controller\\ArgumentResolver\\NotTaggedControllerValueResolver',
  52 => 'Symfony\\Component\\HttpKernel\\Controller\\ArgumentResolver\\RequestAttributeValueResolver',
  53 => 'Symfony\\Component\\HttpKernel\\Controller\\ArgumentResolver\\RequestValueResolver',
  54 => 'Symfony\\Component\\HttpKernel\\Controller\\ArgumentResolver\\ServiceValueResolver',
  55 => 'Symfony\\Component\\HttpKernel\\Controller\\ArgumentResolver\\SessionValueResolver',
  56 => 'Symfony\\Component\\HttpKernel\\Controller\\ArgumentResolver\\TraceableValueResolver',
  57 => 'Symfony\\Component\\HttpKernel\\Controller\\ArgumentResolver\\VariadicValueResolver',
  58 => 'Symfony\\Component\\HttpKernel\\Controller\\ArgumentValueResolverInterface',
  59 => 'Symfony\\Component\\HttpKernel\\Controller\\ContainerControllerResolver',
  60 => 'Symfony\\Component\\HttpKernel\\Controller\\ControllerReference',
  61 => 'Symfony\\Component\\HttpKernel\\Controller\\ControllerResolver',
  62 => 'Symfony\\Component\\HttpKernel\\Controller\\ControllerResolverInterface',
  63 => 'Symfony\\Component\\HttpKernel\\Controller\\ErrorController',
  64 => 'Symfony\\Component\\HttpKernel\\Controller\\TraceableArgumentResolver',
  65 => 'Symfony\\Component\\HttpKernel\\Controller\\TraceableControllerResolver',
  66 => 'Symfony\\Component\\Security\\Http\\Controller\\UserValueResolver',
);